
line1
<!-- include: missingkey -->
** Could not find include 'missingkey' **
line2
