
<!-- include: nested.parent -->
parent
child

