
<!-- include: key -->
key
include
contents

