[
  {
    "Key": "codekey",
    "Language": "cs",
    "Package": "package",
    "Version": ">= 5.0.0 && < 6.0.0",
    "Value": "The Code",
    "Includes": [],
    "Error": null,
    "FileLocation": "path.cs(3-4)",
    "IsInError": false
  }
]