[
  {
    "Key": "usingssection",
    "Language": "cs",
    "Package": "package",
    "Version": "all",
    "Value": "using System;\r\nusing System.Core;\r\nusing System;",
    "includes": [
      "System",
      "System.Core"
    ],
    "Error": null,
    "FileLocation": "path.cs(3-6)",
    "IsInError": false
  }
]