[
  {
    "Key": "usingssection",
    "Language": "cs",
    "Package": "package",
    "Version": "all",
    "Value": "using Math = System.Math;",
    "includes": [
      "System.Math"
    ],
    "Error": null,
    "FileLocation": "path.cs(3-4)",
    "IsInError": false
  }
]