[
  [
    {
      "Key": "MissingKey",
      "Line": 1
    }
  ],
  [],
  "<!-- snippet: MissingKey -->
** Could not find key 'MissingKey' **
"
]