[
    {
        "UsedSnippets": [],
        "MissingSnippet": [
            {
                "Key": "MissingKey",
                "Line": 1
            }
        ]
    },
    "<!-- import MissingKey -->
** Could not find key 'MissingKey' **
"
]