[
  {
    "Version": "all",
    "Key": "codekey",
    "Line": 3,
    "File": null,
    "Message": "Snippet contains invalid characters ('“', '”', '—', '`'). This was probably caused by you copying code from MS Word or Outlook. Dont do that."
  }
]