[
    {
        "StartLine": 3,
        "EndLine": 4,
        "Value": "the code",
        "Key": "codekey",
        "Language": "",
        "File": null,
        "Version": null
    }
]