{
    "Snippets": [
        {
            "StartRow": 3,
            "EndRow": 4,
            "Value": "The Code",
            "Key": "codekey",
            "Language": "",
            "File": null,
            "Version": {
                "Major": 5,
                "Minor": null,
                "Patch": null
            }
        }
    ],
    "Errors": []
}