{
    "Snippets": [
        {
            "StartRow": 3,
            "EndRow": 4,
            "Value": "<configSections/>",
            "Key": "codekey",
            "Language": "",
            "File": null,
            "Version": {
                "Major": 2,
                "Minor": null,
                "Patch": null
            }
        },
        {
            "StartRow": 6,
            "EndRow": 7,
            "Value": "<configSections/>",
            "Key": "codekey",
            "Language": "",
            "File": null,
            "Version": {
                "Major": 2,
                "Minor": 0,
                "Patch": null
            }
        }
    ],
    "Errors": []
}