{
  "snippets": [
    {
      "FileLocation": "path(3-4)",
      "ValueHash": -1342836223,
      "StartLine": 3,
      "EndLine": 4,
      "Value": "<configSections/>",
      "Key": "codekey",
      "Language": "",
      "Path": "path",
      "Version": "≥ 4.0.0 && < 5.0.0",
      "Package": null
    },
    {
      "FileLocation": "path(6-7)",
      "ValueHash": -1253859824,
      "StartLine": 6,
      "EndLine": 7,
      "Value": "The Code",
      "Key": "codekey",
      "Language": "",
      "Path": "path",
      "Version": "≥ 5.0.0 && < 6.0.0",
      "Package": null
    }
  ],
  "errors": []
}