[
  {
    "Key": "codekey",
    "Language": "cs",
    "Package": "package",
    "Version": "all",
    "Value": "the code",
    "Error": null,
    "FileLocation": "path.cs(3-4)",
    "IsInError": false
  }
]