Mixes empty packages with non empty packages. Key='key'.
Snippets:
   Location: 'c:\files\file2.txt(1-3)'. Package: package1
   Location: 'c:\files\file1.txt(4-5)'. Package: 
