Duplicate key detected. File:`unknown`. Line:6. Key:`codekey`. Version:``