{
    "Snippets": [
        {
            "StartRow": 3,
            "EndRow": 4,
            "Value": "<configSections/>",
            "Key": "codekey",
            "Language": "",
            "File": null,
            "Version": "6"
        }
    ],
    "Errors": []
}