[
  {
    "FileLocation": "path.cs(3-3)",
    "Error": "Snippet contains invalid characters ('“', '”', '—', '`'). This was probably caused by copying code from MS Word or Outlook. Dont do that.",
    "IsInError": true,
    "ValueHash": 0,
    "StartLine": 3,
    "EndLine": 3,
    "Value": null,
    "Key": "key",
    "Language": null,
    "Path": "path.cs",
    "Version": "all",
    "Package": null
  }
]