
<!-- include: mIXedcaSe -->
mixEdcAse
include
contents
