[
  {
    "Key": "usingssection",
    "Language": "cs",
    "Value": "using LibraryUsingSystem;",
    "Includes": [
      "LibraryUsingSystem"
    ],
    "Error": null,
    "FileLocation": "path.cs(3-4)",
    "IsInError": false
  }
]