[
  {
    "Key": "codekey",
    "Language": "cs",
    "Package": "package",
    "Value": "BeforeWhiteSpace\r\n\r\nAfterWhiteSpace",
    "Includes": [],
    "Error": null,
    "FileLocation": "path.cs(3-8)",
    "IsInError": false
  }
]