[
  {
    "Key": "keychild",
    "Language": "cs",
    "Value": "b\r\nc",
    "Error": null,
    "FileLocation": "path.cs(4-7)",
    "IsInError": false
  },
  {
    "Key": "keyparent",
    "Error": "Snippet was not closed",
    "FileLocation": "path.cs(3-3)",
    "IsInError": true
  }
]