[
  {
    "Key": "codekey",
    "Language": "cs",
    "Value": "the code",
    "Error": null,
    "FileLocation": "path.cs(2-4)",
    "IsInError": false
  }
]