[
  {
    Key: 'codekey',
    Language: 'cs',
    Value: 'BeforeWhiteSpace\r\n\r\nAfterWhiteSpace',
    Error: null,
    FileLocation: 'path.cs(2-8)',
    IsInError: false
  }
]