[
  {
    Key: 'keychild',
    Language: 'cs',
    Value: 'b',
    Error: null,
    FileLocation: 'path.cs(10-16)',
    IsInError: false
  },
  {
    Key: 'keyparent',
    Language: 'cs',
    Value: 'a\r\n\r\nb\r\n\r\nc',
    Error: null,
    FileLocation: 'path.cs(4-22)',
    IsInError: false
  }
]