[
  {
    Key: 'appveyor.yml',
    Language: 'yml',
    Value: 'image: Visual Studio 2019 Preview\nbuild_script:\n- ps: >-\n    dotnet build src --configuration Release\n\n    dotnet test src --configuration Release --no-build --no-restore\ntest: off\nartifacts:\n- path: nugets\*.nupkg',
    Error: null,
    FileLocation: 'https://raw.githubusercontent.com/SimonCropp/CaptureSnippets/master/src/appveyor.yml(1-9)',
    IsInError: false
  }
]