[
  {
    "Key": "codekey",
    "Language": "cs",
    "Package": "package",
    "Version": ">= 1.0.0 && < 2.0.0",
    "Value": "<configSections/>",
    "Includes": [],
    "Error": null,
    "FileLocation": "path.cs(3-4)",
    "IsInError": false
  }
]