{
  "ExtractMetaDatas": [
    {
      "Parent": null,
      "Path": "root\",
      "RootDirectory": "root\"
    },
    {
      "Parent": {
        "Version": "all",
        "Package": "package"
      },
      "Path": "root\\1.1",
      "RootDirectory": "root\"
    },
    {
      "Parent": {
        "Version": "all",
        "Package": "package"
      },
      "Path": "root\\1.1\2.2",
      "RootDirectory": "root\"
    },
    {
      "Parent": {
        "Version": "all",
        "Package": "package"
      },
      "Path": "root\\1.1\2.2\code",
      "RootDirectory": "root\"
    },
    {
      "Parent": {
        "Version": "all",
        "Package": "package"
      },
      "Path": "root\\1.1\code",
      "RootDirectory": "root\"
    }
  ],
  "IncludeDirectories": [
    {
      "Path": "root\"
    },
    {
      "Path": "root\\1.1"
    },
    {
      "Path": "root\\1.1\2.2"
    }
  ],
  "IncludeFiles": [
    {
      "Path": "root\\1.1\2.2\code.txt"
    },
    {
      "Path": "root\\1.1\code.txt"
    }
  ],
  "TranslatePackages": [
    {
      "Path": "root\\1.1\2.2\code.txt",
      "Alias": "package2"
    },
    {
      "Path": "root\\1.1\code.txt",
      "Alias": "package1"
    }
  ],
  "ParseVersions": [
    {
      "Version": "2.0",
      "Path": "root\\1.1\2.2\code.txt",
      "MetaDataForParentPath": {
        "Version": "all",
        "Package": "package"
      }
    },
    {
      "Version": "1.0",
      "Path": "root\\1.1\code.txt",
      "MetaDataForParentPath": {
        "Version": "all",
        "Package": "package"
      }
    }
  ]
}