{
  "Components": [
    {
      "Identifier": "componenty",
      "Packages": [
        {
          "Identifier": "Packagea",
          "Versions": [
            [
              {
                "Key": "snippet",
                "Language": "txt",
                "Package": "Packagea",
                "Version": ">= 2.0.0",
                "Value": "Some code",
                "Error": null,
                "FileLocation": "root\\DirectorySnippetExtractor/Case\componenty\Packagea_2\code.txt(2-3)",
                "IsInError": false
              },
              {
                "Key": "componentsharedsnippet",
                "Language": "txt",
                "Package": null,
                "Version": null,
                "Value": "Some code",
                "Error": null,
                "FileLocation": "root\\DirectorySnippetExtractor/Case\componenty\Shared\code.txt(2-3)",
                "IsInError": false
              },
              {
                "Key": "globalsharedsnippet",
                "Language": "txt",
                "Package": null,
                "Version": null,
                "Value": "Some code",
                "Error": null,
                "FileLocation": "root\\DirectorySnippetExtractor/Case\Shared\code.txt(2-3)",
                "IsInError": false
              }
            ],
            [
              {
                "Key": "snippet",
                "Language": "txt",
                "Package": "packageA",
                "Version": ">= 1.0.0 && < 2.0.0",
                "Value": "Some code",
                "Error": null,
                "FileLocation": "root\\DirectorySnippetExtractor/Case\componenty\packageA_1\code.txt(2-3)",
                "IsInError": false
              },
              {
                "Key": "componentsharedsnippet",
                "Language": "txt",
                "Package": null,
                "Version": null,
                "Value": "Some code",
                "Error": null,
                "FileLocation": "root\\DirectorySnippetExtractor/Case\componenty\Shared\code.txt(2-3)",
                "IsInError": false
              },
              {
                "Key": "globalsharedsnippet",
                "Language": "txt",
                "Package": null,
                "Version": null,
                "Value": "Some code",
                "Error": null,
                "FileLocation": "root\\DirectorySnippetExtractor/Case\Shared\code.txt(2-3)",
                "IsInError": false
              }
            ]
          ],
          "Snippets": [
            {
              "Key": "snippet",
              "Language": "txt",
              "Package": "Packagea",
              "Version": ">= 2.0.0",
              "Value": "Some code",
              "Error": null,
              "FileLocation": "root\\DirectorySnippetExtractor/Case\componenty\Packagea_2\code.txt(2-3)",
              "IsInError": false
            },
            {
              "Key": "componentsharedsnippet",
              "Language": "txt",
              "Package": null,
              "Version": null,
              "Value": "Some code",
              "Error": null,
              "FileLocation": "root\\DirectorySnippetExtractor/Case\componenty\Shared\code.txt(2-3)",
              "IsInError": false
            },
            {
              "Key": "globalsharedsnippet",
              "Language": "txt",
              "Package": null,
              "Version": null,
              "Value": "Some code",
              "Error": null,
              "FileLocation": "root\\DirectorySnippetExtractor/Case\Shared\code.txt(2-3)",
              "IsInError": false
            },
            {
              "Key": "snippet",
              "Language": "txt",
              "Package": "packageA",
              "Version": ">= 1.0.0 && < 2.0.0",
              "Value": "Some code",
              "Error": null,
              "FileLocation": "root\\DirectorySnippetExtractor/Case\componenty\packageA_1\code.txt(2-3)",
              "IsInError": false
            }
          ],
          "Lookup": {
            "snippet": [
              {
                "Key": "snippet",
                "Language": "txt",
                "Package": "Packagea",
                "Version": ">= 2.0.0",
                "Value": "Some code",
                "Error": null,
                "FileLocation": "root\\DirectorySnippetExtractor/Case\componenty\Packagea_2\code.txt(2-3)",
                "IsInError": false
              },
              {
                "Key": "snippet",
                "Language": "txt",
                "Package": "packageA",
                "Version": ">= 1.0.0 && < 2.0.0",
                "Value": "Some code",
                "Error": null,
                "FileLocation": "root\\DirectorySnippetExtractor/Case\componenty\packageA_1\code.txt(2-3)",
                "IsInError": false
              }
            ],
            "componentsharedsnippet": [
              {
                "Key": "componentsharedsnippet",
                "Language": "txt",
                "Package": null,
                "Version": null,
                "Value": "Some code",
                "Error": null,
                "FileLocation": "root\\DirectorySnippetExtractor/Case\componenty\Shared\code.txt(2-3)",
                "IsInError": false
              }
            ],
            "globalsharedsnippet": [
              {
                "Key": "globalsharedsnippet",
                "Language": "txt",
                "Package": null,
                "Version": null,
                "Value": "Some code",
                "Error": null,
                "FileLocation": "root\\DirectorySnippetExtractor/Case\Shared\code.txt(2-3)",
                "IsInError": false
              }
            ]
          }
        }
      ],
      "Directory": "root\\DirectorySnippetExtractor/Case\componenty",
      "Snippets": [
        {
          "Key": "snippet",
          "Language": "txt",
          "Package": "Packagea",
          "Version": ">= 2.0.0",
          "Value": "Some code",
          "Error": null,
          "FileLocation": "root\\DirectorySnippetExtractor/Case\componenty\Packagea_2\code.txt(2-3)",
          "IsInError": false
        },
        {
          "Key": "componentsharedsnippet",
          "Language": "txt",
          "Package": null,
          "Version": null,
          "Value": "Some code",
          "Error": null,
          "FileLocation": "root\\DirectorySnippetExtractor/Case\componenty\Shared\code.txt(2-3)",
          "IsInError": false
        },
        {
          "Key": "globalsharedsnippet",
          "Language": "txt",
          "Package": null,
          "Version": null,
          "Value": "Some code",
          "Error": null,
          "FileLocation": "root\\DirectorySnippetExtractor/Case\Shared\code.txt(2-3)",
          "IsInError": false
        },
        {
          "Key": "snippet",
          "Language": "txt",
          "Package": "packageA",
          "Version": ">= 1.0.0 && < 2.0.0",
          "Value": "Some code",
          "Error": null,
          "FileLocation": "root\\DirectorySnippetExtractor/Case\componenty\packageA_1\code.txt(2-3)",
          "IsInError": false
        }
      ],
      "Shared": [
        {
          "Key": "globalsharedsnippet",
          "Language": "txt",
          "Package": null,
          "Version": null,
          "Value": "Some code",
          "Error": null,
          "FileLocation": "root\\DirectorySnippetExtractor/Case\Shared\code.txt(2-3)",
          "IsInError": false
        },
        {
          "Key": "componentsharedsnippet",
          "Language": "txt",
          "Package": null,
          "Version": null,
          "Value": "Some code",
          "Error": null,
          "FileLocation": "root\\DirectorySnippetExtractor/Case\componenty\Shared\code.txt(2-3)",
          "IsInError": false
        }
      ],
      "AllVersions": [
        [
          {
            "Key": "snippet",
            "Language": "txt",
            "Package": "Packagea",
            "Version": ">= 2.0.0",
            "Value": "Some code",
            "Error": null,
            "FileLocation": "root\\DirectorySnippetExtractor/Case\componenty\Packagea_2\code.txt(2-3)",
            "IsInError": false
          },
          {
            "Key": "componentsharedsnippet",
            "Language": "txt",
            "Package": null,
            "Version": null,
            "Value": "Some code",
            "Error": null,
            "FileLocation": "root\\DirectorySnippetExtractor/Case\componenty\Shared\code.txt(2-3)",
            "IsInError": false
          },
          {
            "Key": "globalsharedsnippet",
            "Language": "txt",
            "Package": null,
            "Version": null,
            "Value": "Some code",
            "Error": null,
            "FileLocation": "root\\DirectorySnippetExtractor/Case\Shared\code.txt(2-3)",
            "IsInError": false
          }
        ],
        [
          {
            "Key": "snippet",
            "Language": "txt",
            "Package": "packageA",
            "Version": ">= 1.0.0 && < 2.0.0",
            "Value": "Some code",
            "Error": null,
            "FileLocation": "root\\DirectorySnippetExtractor/Case\componenty\packageA_1\code.txt(2-3)",
            "IsInError": false
          },
          {
            "Key": "componentsharedsnippet",
            "Language": "txt",
            "Package": null,
            "Version": null,
            "Value": "Some code",
            "Error": null,
            "FileLocation": "root\\DirectorySnippetExtractor/Case\componenty\Shared\code.txt(2-3)",
            "IsInError": false
          },
          {
            "Key": "globalsharedsnippet",
            "Language": "txt",
            "Package": null,
            "Version": null,
            "Value": "Some code",
            "Error": null,
            "FileLocation": "root\\DirectorySnippetExtractor/Case\Shared\code.txt(2-3)",
            "IsInError": false
          }
        ]
      ],
      "Lookup": {
        "snippet": [
          {
            "Key": "snippet",
            "Language": "txt",
            "Package": "Packagea",
            "Version": ">= 2.0.0",
            "Value": "Some code",
            "Error": null,
            "FileLocation": "root\\DirectorySnippetExtractor/Case\componenty\Packagea_2\code.txt(2-3)",
            "IsInError": false
          },
          {
            "Key": "snippet",
            "Language": "txt",
            "Package": "packageA",
            "Version": ">= 1.0.0 && < 2.0.0",
            "Value": "Some code",
            "Error": null,
            "FileLocation": "root\\DirectorySnippetExtractor/Case\componenty\packageA_1\code.txt(2-3)",
            "IsInError": false
          }
        ],
        "componentsharedsnippet": [
          {
            "Key": "componentsharedsnippet",
            "Language": "txt",
            "Package": null,
            "Version": null,
            "Value": "Some code",
            "Error": null,
            "FileLocation": "root\\DirectorySnippetExtractor/Case\componenty\Shared\code.txt(2-3)",
            "IsInError": false
          }
        ],
        "globalsharedsnippet": [
          {
            "Key": "globalsharedsnippet",
            "Language": "txt",
            "Package": null,
            "Version": null,
            "Value": "Some code",
            "Error": null,
            "FileLocation": "root\\DirectorySnippetExtractor/Case\Shared\code.txt(2-3)",
            "IsInError": false
          }
        ]
      }
    }
  ],
  "Directory": "root\\DirectorySnippetExtractor/Case",
  "AllSnippets": [
    {
      "Key": "snippet",
      "Language": "txt",
      "Package": "Packagea",
      "Version": ">= 2.0.0",
      "Value": "Some code",
      "Error": null,
      "FileLocation": "root\\DirectorySnippetExtractor/Case\componenty\Packagea_2\code.txt(2-3)",
      "IsInError": false
    },
    {
      "Key": "componentsharedsnippet",
      "Language": "txt",
      "Package": null,
      "Version": null,
      "Value": "Some code",
      "Error": null,
      "FileLocation": "root\\DirectorySnippetExtractor/Case\componenty\Shared\code.txt(2-3)",
      "IsInError": false
    },
    {
      "Key": "globalsharedsnippet",
      "Language": "txt",
      "Package": null,
      "Version": null,
      "Value": "Some code",
      "Error": null,
      "FileLocation": "root\\DirectorySnippetExtractor/Case\Shared\code.txt(2-3)",
      "IsInError": false
    },
    {
      "Key": "snippet",
      "Language": "txt",
      "Package": "packageA",
      "Version": ">= 1.0.0 && < 2.0.0",
      "Value": "Some code",
      "Error": null,
      "FileLocation": "root\\DirectorySnippetExtractor/Case\componenty\packageA_1\code.txt(2-3)",
      "IsInError": false
    }
  ],
  "Shared": [
    {
      "Key": "globalsharedsnippet",
      "Language": "txt",
      "Package": null,
      "Version": null,
      "Value": "Some code",
      "Error": null,
      "FileLocation": "root\\DirectorySnippetExtractor/Case\Shared\code.txt(2-3)",
      "IsInError": false
    }
  ],
  "SnippetsInError": [],
  "Lookup": {
    "snippet": [
      {
        "Key": "snippet",
        "Language": "txt",
        "Package": "Packagea",
        "Version": ">= 2.0.0",
        "Value": "Some code",
        "Error": null,
        "FileLocation": "root\\DirectorySnippetExtractor/Case\componenty\Packagea_2\code.txt(2-3)",
        "IsInError": false
      },
      {
        "Key": "snippet",
        "Language": "txt",
        "Package": "packageA",
        "Version": ">= 1.0.0 && < 2.0.0",
        "Value": "Some code",
        "Error": null,
        "FileLocation": "root\\DirectorySnippetExtractor/Case\componenty\packageA_1\code.txt(2-3)",
        "IsInError": false
      }
    ],
    "componentsharedsnippet": [
      {
        "Key": "componentsharedsnippet",
        "Language": "txt",
        "Package": null,
        "Version": null,
        "Value": "Some code",
        "Error": null,
        "FileLocation": "root\\DirectorySnippetExtractor/Case\componenty\Shared\code.txt(2-3)",
        "IsInError": false
      }
    ],
    "globalsharedsnippet": [
      {
        "Key": "globalsharedsnippet",
        "Language": "txt",
        "Package": null,
        "Version": null,
        "Value": "Some code",
        "Error": null,
        "FileLocation": "root\\DirectorySnippetExtractor/Case\Shared\code.txt(2-3)",
        "IsInError": false
      }
    ]
  }
}