[
  {
    Key: 'usingssection',
    Language: 'cs',
    Package: 'package',
    Version: 'all',
    Value: '//using of System;\r\nusing System;',
    Includes: [
      'System'
    ],
    Error: null,
    FileLocation: 'path.cs(3-5)',
    IsInError: false
  }
]